Java HotSpot(TM) 64-Bit Server VM (25.121-b13) for bsd-amd64 JRE (1.8.0_121-b13), built on Dec 12 2016 20:39:32 by "java_re" with gcc 4.2.1 (Based on Apple Inc. build 5658) (LLVM build 2336.11.00)
Memory: 4k page, physical 8388608k(1190320k free)

/proc/meminfo:

CommandLine flags: -XX:+DisableExplicitGC -XX:InitialHeapSize=1073741824 -XX:InitiatingHeapOccupancyPercent=35 -XX:+ManagementServer -XX:MaxGCPauseMillis=20 -XX:MaxHeapSize=1073741824 -XX:+PrintGC -XX:+PrintGCDateStamps -XX:+PrintGCDetails -XX:+PrintGCTimeStamps -XX:+UseCompressedClassPointers -XX:+UseCompressedOops -XX:+UseG1GC 
2017-04-29T11:44:46.278+0700: 11.474: [GC pause (G1 Evacuation Pause) (young), 0.0160305 secs]
   [Parallel Time: 8.7 ms, GC Workers: 4]
      [GC Worker Start (ms): Min: 11474.1, Avg: 11474.1, Max: 11474.2, Diff: 0.2]
      [Ext Root Scanning (ms): Min: 0.5, Avg: 1.2, Max: 2.3, Diff: 1.8, Sum: 4.7]
      [Update RS (ms): Min: 0.0, Avg: 0.0, Max: 0.0, Diff: 0.0, Sum: 0.0]
         [Processed Buffers: Min: 0, Avg: 0.0, Max: 0, Diff: 0, Sum: 0]
      [Scan RS (ms): Min: 0.0, Avg: 0.0, Max: 0.0, Diff: 0.0, Sum: 0.0]
      [Code Root Scanning (ms): Min: 0.0, Avg: 0.2, Max: 0.5, Diff: 0.5, Sum: 0.9]
      [Object Copy (ms): Min: 4.1, Avg: 5.0, Max: 5.6, Diff: 1.5, Sum: 20.1]
      [Termination (ms): Min: 0.0, Avg: 1.3, Max: 2.2, Diff: 2.2, Sum: 5.4]
         [Termination Attempts: Min: 1, Avg: 1.0, Max: 1, Diff: 0, Sum: 4]
      [GC Worker Other (ms): Min: 0.0, Avg: 0.0, Max: 0.0, Diff: 0.0, Sum: 0.1]
      [GC Worker Total (ms): Min: 6.6, Avg: 7.8, Max: 8.6, Diff: 2.0, Sum: 31.2]
      [GC Worker End (ms): Min: 11480.7, Avg: 11481.9, Max: 11482.7, Diff: 2.1]
   [Code Root Fixup: 0.3 ms]
   [Code Root Purge: 0.0 ms]
   [Clear CT: 0.1 ms]
   [Other: 6.9 ms]
      [Choose CSet: 0.0 ms]
      [Ref Proc: 6.4 ms]
      [Ref Enq: 0.0 ms]
      [Redirty Cards: 0.0 ms]
      [Humongous Register: 0.0 ms]
      [Humongous Reclaim: 0.0 ms]
      [Free CSet: 0.1 ms]
   [Eden: 51.0M(51.0M)->0.0B(44.0M) Survivors: 0.0B->7168.0K Heap: 51.0M(1024.0M)->7701.5K(1024.0M)]
 [Times: user=0.02 sys=0.01, real=0.02 secs] 
2017-04-29T11:44:57.866+0700: 23.061: [GC pause (G1 Evacuation Pause) (young), 0.0099570 secs]
   [Parallel Time: 7.0 ms, GC Workers: 4]
      [GC Worker Start (ms): Min: 23061.1, Avg: 23061.1, Max: 23061.1, Diff: 0.0]
      [Ext Root Scanning (ms): Min: 1.2, Avg: 1.7, Max: 2.2, Diff: 1.0, Sum: 6.7]
      [Update RS (ms): Min: 0.0, Avg: 0.0, Max: 0.1, Diff: 0.1, Sum: 0.1]
         [Processed Buffers: Min: 0, Avg: 0.2, Max: 1, Diff: 1, Sum: 1]
      [Scan RS (ms): Min: 0.0, Avg: 0.0, Max: 0.0, Diff: 0.0, Sum: 0.0]
      [Code Root Scanning (ms): Min: 0.0, Avg: 0.7, Max: 2.6, Diff: 2.6, Sum: 2.7]
      [Object Copy (ms): Min: 3.0, Avg: 4.5, Max: 5.3, Diff: 2.3, Sum: 18.1]
      [Termination (ms): Min: 0.0, Avg: 0.0, Max: 0.0, Diff: 0.0, Sum: 0.0]
         [Termination Attempts: Min: 1, Avg: 2.0, Max: 4, Diff: 3, Sum: 8]
      [GC Worker Other (ms): Min: 0.0, Avg: 0.0, Max: 0.0, Diff: 0.0, Sum: 0.1]
      [GC Worker Total (ms): Min: 6.9, Avg: 6.9, Max: 6.9, Diff: 0.0, Sum: 27.7]
      [GC Worker End (ms): Min: 23068.0, Avg: 23068.0, Max: 23068.0, Diff: 0.0]
   [Code Root Fixup: 0.3 ms]
   [Code Root Purge: 0.0 ms]
   [Clear CT: 0.1 ms]
   [Other: 2.6 ms]
      [Choose CSet: 0.0 ms]
      [Ref Proc: 2.2 ms]
      [Ref Enq: 0.0 ms]
      [Redirty Cards: 0.1 ms]
      [Humongous Register: 0.0 ms]
      [Humongous Reclaim: 0.0 ms]
      [Free CSet: 0.1 ms]
   [Eden: 44.0M(44.0M)->0.0B(44.0M) Survivors: 7168.0K->7168.0K Heap: 179.5M(1024.0M)->137.3M(1024.0M)]
 [Times: user=0.03 sys=0.00, real=0.01 secs] 
2017-04-29T11:45:25.973+0700: 51.167: [GC pause (Metadata GC Threshold) (young) (initial-mark), 0.0125754 secs]
   [Parallel Time: 11.2 ms, GC Workers: 4]
      [GC Worker Start (ms): Min: 51167.2, Avg: 51167.3, Max: 51167.3, Diff: 0.1]
      [Ext Root Scanning (ms): Min: 1.0, Avg: 1.7, Max: 2.2, Diff: 1.2, Sum: 6.7]
      [Update RS (ms): Min: 0.0, Avg: 0.2, Max: 0.4, Diff: 0.4, Sum: 0.9]
         [Processed Buffers: Min: 0, Avg: 0.8, Max: 1, Diff: 1, Sum: 3]
      [Scan RS (ms): Min: 0.0, Avg: 0.0, Max: 0.0, Diff: 0.0, Sum: 0.0]
      [Code Root Scanning (ms): Min: 0.0, Avg: 0.9, Max: 1.7, Diff: 1.7, Sum: 3.8]
      [Object Copy (ms): Min: 7.9, Avg: 8.2, Max: 8.4, Diff: 0.5, Sum: 32.7]
      [Termination (ms): Min: 0.0, Avg: 0.0, Max: 0.0, Diff: 0.0, Sum: 0.0]
         [Termination Attempts: Min: 1, Avg: 2.2, Max: 3, Diff: 2, Sum: 9]
      [GC Worker Other (ms): Min: 0.0, Avg: 0.0, Max: 0.0, Diff: 0.0, Sum: 0.1]
      [GC Worker Total (ms): Min: 11.0, Avg: 11.1, Max: 11.1, Diff: 0.1, Sum: 44.2]
      [GC Worker End (ms): Min: 51178.3, Avg: 51178.3, Max: 51178.3, Diff: 0.0]
   [Code Root Fixup: 0.4 ms]
   [Code Root Purge: 0.0 ms]
   [Clear CT: 0.1 ms]
   [Other: 0.9 ms]
      [Choose CSet: 0.0 ms]
      [Ref Proc: 0.4 ms]
      [Ref Enq: 0.0 ms]
      [Redirty Cards: 0.1 ms]
      [Humongous Register: 0.0 ms]
      [Humongous Reclaim: 0.0 ms]
      [Free CSet: 0.1 ms]
   [Eden: 11.0M(44.0M)->0.0B(47.0M) Survivors: 7168.0K->4096.0K Heap: 148.1M(1024.0M)->136.5M(1024.0M)]
 [Times: user=0.04 sys=0.00, real=0.01 secs] 
2017-04-29T11:45:25.986+0700: 51.180: [GC concurrent-root-region-scan-start]
2017-04-29T11:45:25.989+0700: 51.183: [GC concurrent-root-region-scan-end, 0.0036208 secs]
2017-04-29T11:45:25.989+0700: 51.183: [GC concurrent-mark-start]
2017-04-29T11:45:25.995+0700: 51.189: [GC concurrent-mark-end, 0.0056961 secs]
2017-04-29T11:45:25.995+0700: 51.189: [GC remark 2017-04-29T11:45:25.995+0700: 51.189: [Finalize Marking, 0.0002807 secs] 2017-04-29T11:45:25.996+0700: 51.190: [GC ref-proc, 0.0000708 secs] 2017-04-29T11:45:25.996+0700: 51.190: [Unloading, 0.0033363 secs], 0.0051423 secs]
 [Times: user=0.01 sys=0.00, real=0.01 secs] 
2017-04-29T11:45:26.001+0700: 51.195: [GC cleanup 136M->134M(1024M), 0.0007826 secs]
 [Times: user=0.00 sys=0.00, real=0.00 sec20172017-04-29T11:45:26.001+0700: 51.196: [GC concurrent-cleanup-start]
2017-04-29T11:45:26.001+0700: 51.196: [GC concurrent-cleanup-end, 0.0000139 secs]
2017-04-29T12:20:20.612+0700: 2145.717: [GC pause (G1 Evacuation Pause) (young), 0.0052653 secs]
   [Parallel Time: 4.0 ms, GC Workers: 4]
      [GC Worker Start (ms): Min: 2145717.5, Avg: 2145717.5, Max: 2145717.5, Diff: 0.1]
      [Ext Root Scanning (ms): Min: 0.9, Avg: 1.0, Max: 1.1, Diff: 0.2, Sum: 4.0]
      [Update RS (ms): Min: 0.3, Avg: 0.4, Max: 0.5, Diff: 0.2, Sum: 1.7]
         [Processed Buffers: Min: 1, Avg: 5.5, Max: 10, Diff: 9, Sum: 22]
      [Scan RS (ms): Min: 0.0, Avg: 0.2, Max: 0.4, Diff: 0.4, Sum: 1.0]
      [Code Root Scanning (ms): Min: 0.0, Avg: 0.2, Max: 0.3, Diff: 0.3, Sum: 0.8]
      [Object Copy (ms): Min: 1.9, Avg: 2.1, Max: 2.3, Diff: 0.3, Sum: 8.3]
      [Termination (ms): Min: 0.0, Avg: 0.0, Max: 0.0, Diff: 0.0, Sum: 0.0]
         [Termination Attempts: Min: 1, Avg: 1.8, Max: 3, Diff: 2, Sum: 7]
      [GC Worker Other (ms): Min: 0.0, Avg: 0.0, Max: 0.0, Diff: 0.0, Sum: 0.1]
      [GC Worker Total (ms): Min: 3.9, Avg: 4.0, Max: 4.0, Diff: 0.1, Sum: 15.8]
      [GC Worker End (ms): Min: 2145721.5, Avg: 2145721.5, Max: 2145721.5, Diff: 0.0]
   [Code Root Fixup: 0.1 ms]
   [Code Root Purge: 0.0 ms]
   [Clear CT: 0.1 ms]
   [Other: 0.9 ms]
      [Choose CSet: 0.0 ms]
      [Ref Proc: 0.6 ms]
      [Ref Enq: 0.0 ms]
      [Redirty Cards: 0.1 ms]
      [Humongous Register: 0.0 ms]
      [Humongous Reclaim: 0.0 ms]
      [Free CSet: 0.0 ms]
   [Eden: 47.0M(47.0M)->0.0B(47.0M) Survivors: 4096.0K->4096.0K Heap: 181.5M(1024.0M)->135.0M(1024.0M)]
 [Times: user=0.02 sys=0.00, real=0.00 secs]2017-04-29T12:35:04.936+0700: 3063.968: [GC pause (G1 Evacuation Pause) (young), 0.0338910 secs]
   [Parallel Time: 28.2 ms, GC Workers: 4]
      [GC Worker Start (ms): Min: 3063971.2, Avg: 3063971.4, Max: 3063971.6, Diff: 0.4]
      [Ext Root Scanning (ms): Min: 3.2, Avg: 5.7, Max: 12.7, Diff: 9.5, Sum: 22.6]
      [Update RS (ms): Min: 0.0, Avg: 2.5, Max: 3.9, Diff: 3.9, Sum: 9.8]
         [Processed Buffers: Min: 0, Avg: 3.5, Max: 11, Diff: 11, Sum: 14]
      [Scan RS (ms): Min: 0.0, Avg: 0.0, Max: 0.0, Diff: 0.0, Sum: 0.1]
      [Code Root Scanning (ms): Min: 0.0, Avg: 1.1, Max: 2.2, Diff: 2.2, Sum: 4.5]
      [Object Copy (ms): Min: 15.0, Avg: 18.3, Max: 19.6, Diff: 4.6, Sum: 73.1]
      [Termination (ms): Min: 0.1, Avg: 0.3, Max: 0.6, Diff: 0.4, Sum: 1.3]
         [Termination Attempts: Min: 7, Avg: 11.5, Max: 16, Diff: 9, Sum: 46]
      [GC Worker Other (ms): Min: 0.0, Avg: 0.1, Max: 0.1, Diff: 0.0, Sum: 0.2]
      [GC Worker Total (ms): Min: 27.7, Avg: 27.9, Max: 28.0, Diff: 0.4, Sum: 111.6]
      [GC Worker End (ms): Min: 3063999.3, Avg: 3063999.3, Max: 3063999.3, Diff: 0.0]
   [Code Root Fixup: 0.3 ms]
   [Code Root Purge: 0.1 ms]
   [Clear CT: 0.1 ms]
   [Other: 5.3 ms]
      [Choose CSet: 0.0 ms]
      [Ref Proc: 1.2 ms]
      [Ref Enq: 0.0 ms]
      [Redirty Cards: 0.1 ms]
      [Humongous Register: 3.2 ms]
      [Humongous Reclaim: 0.0 ms]
      [Free CSet: 0.2 ms]
   [Eden: 47.0M(47.0M)->0.0B(45.0M) Survivors: 4096.0K->6144.0K Heap: 182.2M(1024.0M)->136.7M(1024.0M)]
 [Times: user=0.03 sys=0.05, real=0.04 secs] 
2017-04-29T12:48:19.739+0700: 3858.740: [GC pause (G1 Evacuation Pause) (young), 0.0131301 secs]
   [Parallel Time: 12.0 ms, GC Workers: 4]
      [GC Worker Start (ms): Min: 3858740.2, Avg: 3858740.2, Max: 3858740.3, Diff: 0.1]
      [Ext Root Scanning (ms): Min: 0.6, Avg: 0.9, Max: 1.4, Diff: 0.8, Sum: 3.4]
      [Update RS (ms): Min: 0.0, Avg: 0.4, Max: 0.8, Diff: 0.8, Sum: 1.7]
         [Processed Buffers: Min: 0, Avg: 2.8, Max: 8, Diff: 8, Sum: 11]
      [Scan RS (ms): Min: 0.0, Avg: 0.0, Max: 0.0, Diff: 0.0, Sum: 0.1]
      [Code Root Scanning (ms): Min: 0.0, Avg: 0.7, Max: 1.4, Diff: 1.4, Sum: 2.7]
      [Object Copy (ms): Min: 9.0, Avg: 9.8, Max: 10.3, Diff: 1.3, Sum: 39.1]
      [Termination (ms): Min: 0.0, Avg: 0.0, Max: 0.0, Diff: 0.0, Sum: 0.0]
         [Termination Attempts: Min: 1, Avg: 2.5, Max: 3, Diff: 2, Sum: 10]
      [GC Worker Other (ms): Min: 0.0, Avg: 0.0, Max: 0.1, Diff: 0.0, Sum: 0.2]
      [GC Worker Total (ms): Min: 11.8, Avg: 11.8, Max: 11.8, Diff: 0.0, Sum: 47.2]
      [GC Worker End (ms): Min: 3858752.0, Avg: 3858752.0, Max: 3858752.1, Diff: 0.0]
   [Code Root Fixup: 0.4 ms]
   [Code Root Purge: 0.0 ms]
   [Clear CT: 0.1 ms]
   [Other: 0.7 ms]
      [Choose CSet: 0.0 ms]
      [Ref Proc: 0.3 ms]
      [Ref Enq: 0.0 ms]
      [Redirty Cards: 0.1 ms]
      [Humongous Register: 0.0 ms]
      [Humongous Reclaim: 0.0 ms]
      [Free CSet: 0.1 ms]
   [Eden: 45.0M(45.0M)->0.0B(46.0M) Survivors: 6144.0K->5120.0K Heap: 181.7M(1024.0M)->136.0M(1024.0M)]
 [Times: user=0.04 sys=0.01, real=0.02 secs] 
2017-04-29T12:50:43.588+0700: 4002.583: [GC pause (G1 Evacuation Pause) (young), 0.0120463 secs]
   [Parallel Time: 10.9 ms, GC Workers: 4]
      [GC Worker Start (ms): Min: 4002583.6, Avg: 4002584.1, Max: 4002585.5, Diff: 1.9]
      [Ext Root Scanning (ms): Min: 0.0, Avg: 0.9, Max: 1.8, Diff: 1.8, Sum: 3.5]
      [Update RS (ms): Min: 0.0, Avg: 0.4, Max: 0.9, Diff: 0.9, Sum: 1.7]
         [Processed Buffers: Min: 1, Avg: 2.5, Max: 5, Diff: 4, Sum: 10]
      [Scan RS (ms): Min: 0.0, Avg: 0.0, Max: 0.0, Diff: 0.0, Sum: 0.1]
      [Code Root Scanning (ms): Min: 0.0, Avg: 1.0, Max: 1.7, Diff: 1.7, Sum: 3.8]
      [Object Copy (ms): Min: 7.2, Avg: 8.0, Max: 8.9, Diff: 1.8, Sum: 32.1]
      [Termination (ms): Min: 0.0, Avg: 0.0, Max: 0.0, Diff: 0.0, Sum: 0.0]
         [Termination Attempts: Min: 1, Avg: 1.0, Max: 1, Diff: 0, Sum: 4]
      [GC Worker Other (ms): Min: 0.0, Avg: 0.0, Max: 0.0, Diff: 0.0, Sum: 0.1]
      [GC Worker Total (ms): Min: 8.9, Avg: 10.3, Max: 10.8, Diff: 1.9, Sum: 41.3]
      [GC Worker End (ms): Min: 4002594.4, Avg: 4002594.4, Max: 4002594.4, Diff: 0.0]
   [Code Root Fixup: 0.4 ms]
   [Code Root Purge: 0.0 ms]
   [Clear CT: 0.1 ms]
   [Other: 0.6 ms]
      [Choose CSet: 0.0 ms]
      [Ref Proc: 0.2 ms]
      [Ref Enq: 0.0 ms]
      [Redirty Cards: 0.1 ms]
      [Humongous Register: 0.0 ms]
      [Humongous Reclaim: 0.0 ms]
      [Free CSet: 0.1 ms]
   [Eden: 46.0M(46.0M)->0.0B(47.0M) Survivors: 5120.0K->4096.0K Heap: 182.0M(1024.0M)->136.6M(1024.0M)]
 [Times: user=0.04 sys=0.00, real=0.02 secs] 
2017-04-29T12:51:13.662+0700: 4032.656: [GC pause (G1 Evacuation Pause) (young), 0.0105777 secs]
   [Parallel Time: 9.4 ms, GC Workers: 4]
      [GC Worker Start (ms): Min: 4032656.6, Avg: 4032656.6, Max: 4032656.6, Diff: 0.1]
      [Ext Root Scanning (ms): Min: 0.6, Avg: 0.8, Max: 1.0, Diff: 0.4, Sum: 3.1]
      [Update RS (ms): Min: 1.2, Avg: 1.6, Max: 2.0, Diff: 0.8, Sum: 6.4]
         [Processed Buffers: Min: 2, Avg: 3.2, Max: 7, Diff: 5, Sum: 13]
      [Scan RS (ms): Min: 0.0, Avg: 0.0, Max: 0.0, Diff: 0.0, Sum: 0.1]
      [Code Root Scanning (ms): Min: 0.0, Avg: 0.8, Max: 1.7, Diff: 1.7, Sum: 3.2]
      [Object Copy (ms): Min: 5.5, Avg: 6.1, Max: 6.6, Diff: 1.2, Sum: 24.3]
      [Termination (ms): Min: 0.0, Avg: 0.0, Max: 0.0, Diff: 0.0, Sum: 0.0]
         [Termination Attempts: Min: 1, Avg: 1.0, Max: 1, Diff: 0, Sum: 4]
      [GC Worker Other (ms): Min: 0.0, Avg: 0.0, Max: 0.0, Diff: 0.0, Sum: 0.1]
      [GC Worker Total (ms): Min: 9.3, Avg: 9.3, Max: 9.3, Diff: 0.0, Sum: 37.1]
      [GC Worker End (ms): Min: 4032665.9, Avg: 4032665.9, Max: 4032665.9, Diff: 0.0]
   [Code Root Fixup: 0.5 ms]
   [Code Root Purge: 0.0 ms]
   [Clear CT: 0.1 ms]
   [Other: 0.6 ms]
      [Choose CSet: 0.0 ms]
      [Ref Proc: 0.2 ms]
      [Ref Enq: 0.0 ms]
      [Redirty Cards: 0.1 ms]
      [Humongous Register: 0.0 ms]
      [Humongous Reclaim: 0.0 ms]
      [Free CSet: 0.1 ms]
   [Eden: 47.0M(47.0M)->0.0B(46.0M) Survivors: 4096.0K->5120.0K Heap: 183.6M(1024.0M)->137.0M(1024.0M)]
 [Times: user=0.04 sys=0.01, real=0.01 secs] 
2017-04-29T12:51:47.764+0700: 4066.757: [GC pause (G1 Evacuation Pause) (young), 0.0126298 secs]
   [Parallel Time: 11.4 ms, GC Workers: 4]
      [GC Worker Start (ms): Min: 4066757.3, Avg: 4066757.3, Max: 4066757.3, Diff: 0.1]
      [Ext Root Scanning (ms): Min: 0.7, Avg: 0.8, Max: 1.1, Diff: 0.3, Sum: 3.4]
      [Update RS (ms): Min: 0.5, Avg: 3.2, Max: 10.2, Diff: 9.7, Sum: 12.9]
         [Processed Buffers: Min: 1, Avg: 3.2, Max: 10, Diff: 9, Sum: 13]
      [Scan RS (ms): Min: 0.0, Avg: 0.0, Max: 0.0, Diff: 0.0, Sum: 0.1]
      [Code Root Scanning (ms): Min: 0.0, Avg: 0.7, Max: 1.7, Diff: 1.7, Sum: 2.7]
      [Object Copy (ms): Min: 0.1, Avg: 6.5, Max: 9.3, Diff: 9.3, Sum: 26.1]
      [Termination (ms): Min: 0.0, Avg: 0.0, Max: 0.0, Diff: 0.0, Sum: 0.1]
         [Termination Attempts: Min: 1, Avg: 1.0, Max: 1, Diff: 0, Sum: 4]
      [GC Worker Other (ms): Min: 0.0, Avg: 0.0, Max: 0.0, Diff: 0.0, Sum: 0.1]
      [GC Worker Total (ms): Min: 11.3, Avg: 11.3, Max: 11.3, Diff: 0.1, Sum: 45.3]
      [GC Worker End (ms): Min: 4066768.6, Avg: 4066768.6, Max: 4066768.6, Diff: 0.0]
   [Code Root Fixup: 0.4 ms]
   [Code Root Purge: 0.0 ms]
   [Clear CT: 0.1 ms]
   [Other: 0.7 ms]
      [Choose CSet: 0.0 ms]
      [Ref Proc: 0.3 ms]
      [Ref Enq: 0.0 ms]
      [Redirty Cards: 0.1 ms]
      [Humongous Register: 0.0 ms]
      [Humongous Reclaim: 0.0 ms]
      [Free CSet: 0.1 ms]
   [Eden: 46.0M(46.0M)->0.0B(47.0M) Survivors: 5120.0K->4096.0K Heap: 183.0M(1024.0M)->135.9M(1024.0M)]
 [Times: user=0.03 sys=0.00, real=0.01 secs] 
2017-04-29T12:52:20.091+0700: 4099.083: [GC pause (G1 Evacuation Pause) (young), 0.0088530 secs]
   [Parallel Time: 7.5 ms, GC Workers: 4]
      [GC Worker Start (ms): Min: 4099083.1, Avg: 4099085.5, Max: 4099090.4, Diff: 7.3]
      [Ext Root Scanning (ms): Min: 0.0, Avg: 0.4, Max: 0.8, Diff: 0.8, Sum: 1.7]
      [Update RS (ms): Min: 0.0, Avg: 0.4, Max: 0.7, Diff: 0.7, Sum: 1.4]
         [Processed Buffers: Min: 0, Avg: 3.8, Max: 10, Diff: 10, Sum: 15]
      [Scan RS (ms): Min: 0.0, Avg: 0.0, Max: 0.0, Diff: 0.0, Sum: 0.0]
      [Code Root Scanning (ms): Min: 0.0, Avg: 0.5, Max: 0.9, Diff: 0.9, Sum: 1.9]
      [Object Copy (ms): Min: 0.0, Avg: 3.6, Max: 5.0, Diff: 5.0, Sum: 14.5]
      [Termination (ms): Min: 0.0, Avg: 0.1, Max: 0.2, Diff: 0.2, Sum: 0.5]
         [Termination Attempts: Min: 1, Avg: 1.0, Max: 1, Diff: 0, Sum: 4]
      [GC Worker Other (ms): Min: 0.0, Avg: 0.0, Max: 0.0, Diff: 0.0, Sum: 0.0]
      [GC Worker Total (ms): Min: 0.0, Avg: 5.0, Max: 7.4, Diff: 7.4, Sum: 20.0]
      [GC Worker End (ms): Min: 4099090.4, Avg: 4099090.5, Max: 4099090.5, Diff: 0.1]
   [Code Root Fixup: 0.7 ms]
   [Code Root Purge: 0.0 ms]
   [Clear CT: 0.1 ms]
   [Other: 0.7 ms]
      [Choose CSet: 0.0 ms]
      [Ref Proc: 0.2 ms]
      [Ref Enq: 0.0 ms]
      [Redirty Cards: 0.1 ms]
      [Humongous Register: 0.0 ms]
      [Humongous Reclaim: 0.0 ms]
      [Free CSet: 0.1 ms]
   [Eden: 47.0M(47.0M)->0.0B(59.0M) Survivors: 4096.0K->4096.0K Heap: 182.9M(1024.0M)->136.1M(1024.0M)]
 [Times: user=0.02 sys=0.00, real=0.01 secs] 
2017-04-29T12:53:05.463+0700: 4144.453: [GC pause (G1 Evacuation Pause) (young), 0.0100282 secs]
   [Parallel Time: 8.6 ms, GC Workers: 4]
      [GC Worker Start (ms): Min: 4144453.2, Avg: 4144453.3, Max: 4144453.3, Diff: 0.1]
      [Ext Root Scanning (ms): Min: 0.7, Avg: 0.8, Max: 1.1, Diff: 0.4, Sum: 3.3]
      [Update RS (ms): Min: 0.1, Avg: 0.6, Max: 1.2, Diff: 1.1, Sum: 2.6]
         [Processed Buffers: Min: 1, Avg: 3.5, Max: 10, Diff: 9, Sum: 14]
      [Scan RS (ms): Min: 0.0, Avg: 0.0, Max: 0.1, Diff: 0.1, Sum: 0.1]
      [Code Root Scanning (ms): Min: 0.0, Avg: 0.7, Max: 3.0, Diff: 3.0, Sum: 3.0]
      [Object Copy (ms): Min: 4.3, Avg: 6.1, Max: 6.9, Diff: 2.6, Sum: 24.5]
      [Termination (ms): Min: 0.0, Avg: 0.1, Max: 0.1, Diff: 0.1, Sum: 0.4]
         [Termination Attempts: Min: 1, Avg: 1.0, Max: 1, Diff: 0, Sum: 4]
      [GC Worker Other (ms): Min: 0.0, Avg: 0.0, Max: 0.0, Diff: 0.0, Sum: 0.1]
      [GC Worker Total (ms): Min: 8.4, Avg: 8.5, Max: 8.5, Diff: 0.1, Sum: 33.8]
      [GC Worker End (ms): Min: 4144461.7, Avg: 4144461.7, Max: 4144461.7, Diff: 0.0]
   [Code Root Fixup: 0.6 ms]
   [Code Root Purge: 0.0 ms]
   [Clear CT: 0.1 ms]
   [Other: 0.8 ms]
      [Choose CSet: 0.0 ms]
      [Ref Proc: 0.3 ms]
      [Ref Enq: 0.0 ms]
      [Redirty Cards: 0.1 ms]
      [Humongous Register: 0.1 ms]
      [Humongous Reclaim: 0.0 ms]
      [Free CSet: 0.1 ms]
   [Eden: 59.0M(59.0M)->0.0B(122.0M) Survivors: 4096.0K->4096.0K Heap: 195.1M(1024.0M)->136.6M(1024.0M)]
 [Times: user=0.03 sys=0.00, real=0.01 secs] 
2017-04-29T12:54:29.838+0700: 4228.825: [GC pause (G1 Evacuation Pause) (young), 0.0094410 secs]
   [Parallel Time: 8.2 ms, GC Workers: 4]
      [GC Worker Start (ms): Min: 4228825.5, Avg: 4228825.5, Max: 4228825.7, Diff: 0.3]
      [Ext Root Scanning (ms): Min: 0.3, Avg: 1.0, Max: 2.9, Diff: 2.6, Sum: 4.1]
      [Update RS (ms): Min: 0.0, Avg: 0.3, Max: 0.6, Diff: 0.6, Sum: 1.4]
         [Processed Buffers: Min: 0, Avg: 3.8, Max: 12, Diff: 12, Sum: 15]
      [Scan RS (ms): Min: 0.0, Avg: 0.0, Max: 0.0, Diff: 0.0, Sum: 0.1]
      [Code Root Scanning (ms): Min: 0.0, Avg: 0.4, Max: 0.9, Diff: 0.9, Sum: 1.8]
      [Object Copy (ms): Min: 5.1, Avg: 6.1, Max: 6.9, Diff: 1.7, Sum: 24.6]
      [Termination (ms): Min: 0.0, Avg: 0.1, Max: 0.2, Diff: 0.2, Sum: 0.4]
         [Termination Attempts: Min: 1, Avg: 1.0, Max: 1, Diff: 0, Sum: 4]
      [GC Worker Other (ms): Min: 0.0, Avg: 0.0, Max: 0.0, Diff: 0.0, Sum: 0.0]
      [GC Worker Total (ms): Min: 7.9, Avg: 8.1, Max: 8.2, Diff: 0.3, Sum: 32.4]
      [GC Worker End (ms): Min: 4228833.6, Avg: 4228833.6, Max: 4228833.7, Diff: 0.0]
   [Code Root Fixup: 0.4 ms]
   [Code Root Purge: 0.0 ms]
   [Clear CT: 0.1 ms]
   [Other: 0.7 ms]
      [Choose CSet: 0.0 ms]
      [Ref Proc: 0.2 ms]
      [Ref Enq: 0.0 ms]
      [Redirty Cards: 0.1 ms]
      [Humongous Register: 0.0 ms]
      [Humongous Reclaim: 0.0 ms]
      [Free CSet: 0.2 ms]
   [Eden: 122.0M(122.0M)->0.0B(184.0M) Survivors: 4096.0K->3072.0K Heap: 258.6M(1024.0M)->135.6M(1024.0M)]
 [Times: user=0.03 sys=0.01, real=0.01 secs] 
2017-04-29T12:56:57.040+0700: 4376.021: [GC pause (G1 Evacuation Pause) (young), 0.0109061 secs]
   [Parallel Time: 9.4 ms, GC Workers: 4]
      [GC Worker Start (ms): Min: 4376021.3, Avg: 4376021.3, Max: 4376021.3, Diff: 0.1]
      [Ext Root Scanning (ms): Min: 0.7, Avg: 0.8, Max: 1.2, Diff: 0.5, Sum: 3.3]
      [Update RS (ms): Min: 0.4, Avg: 0.6, Max: 1.2, Diff: 0.8, Sum: 2.6]
         [Processed Buffers: Min: 1, Avg: 4.0, Max: 13, Diff: 12, Sum: 16]
      [Scan RS (ms): Min: 0.0, Avg: 0.1, Max: 0.1, Diff: 0.1, Sum: 0.2]
      [Code Root Scanning (ms): Min: 0.0, Avg: 0.8, Max: 3.2, Diff: 3.2, Sum: 3.3]
      [Object Copy (ms): Min: 4.8, Avg: 6.9, Max: 7.8, Diff: 3.0, Sum: 27.5]
      [Termination (ms): Min: 0.0, Avg: 0.0, Max: 0.0, Diff: 0.0, Sum: 0.0]
         [Termination Attempts: Min: 1, Avg: 1.0, Max: 1, Diff: 0, Sum: 4]
      [GC Worker Other (ms): Min: 0.0, Avg: 0.0, Max: 0.0, Diff: 0.0, Sum: 0.1]
      [GC Worker Total (ms): Min: 9.2, Avg: 9.3, Max: 9.3, Diff: 0.0, Sum: 37.0]
      [GC Worker End (ms): Min: 4376030.6, Avg: 4376030.6, Max: 4376030.6, Diff: 0.0]
   [Code Root Fixup: 0.6 ms]
   [Code Root Purge: 0.0 ms]
   [Clear CT: 0.1 ms]
   [Other: 0.8 ms]
      [Choose CSet: 0.0 ms]
      [Ref Proc: 0.2 ms]
      [Ref Enq: 0.0 ms]
      [Redirty Cards: 0.1 ms]
      [Humongous Register: 0.0 ms]
      [Humongous Reclaim: 0.0 ms]
      [Free CSet: 0.2 ms]
   [Eden: 184.0M(184.0M)->0.0B(367.0M) Survivors: 3072.0K->4096.0K Heap: 319.6M(1024.0M)->136.6M(1024.0M)]
 [Times: user=0.04 sys=0.01, real=0.01 secs] 
2017-04-29T13:11:15.685+0700: 5234.633: [GC pause (G1 Evacuation Pause) (young), 0.0233265 secs]
   [Parallel Time: 17.1 ms, GC Workers: 4]
      [GC Worker Start (ms): Min: 5234636.5, Avg: 5234636.7, Max: 5234636.9, Diff: 0.4]
      [Ext Root Scanning (ms): Min: 4.6, Avg: 5.8, Max: 8.0, Diff: 3.4, Sum: 23.3]
      [Update RS (ms): Min: 0.0, Avg: 3.2, Max: 8.6, Diff: 8.6, Sum: 12.8]
         [Processed Buffers: Min: 0, Avg: 4.8, Max: 16, Diff: 16, Sum: 19]
      [Scan RS (ms): Min: 0.0, Avg: 0.1, Max: 0.2, Diff: 0.1, Sum: 0.4]
      [Code Root Scanning (ms): Min: 0.0, Avg: 1.7, Max: 4.1, Diff: 4.1, Sum: 6.7]
      [Object Copy (ms): Min: 3.0, Avg: 5.7, Max: 8.5, Diff: 5.5, Sum: 22.8]
      [Termination (ms): Min: 0.0, Avg: 0.1, Max: 0.1, Diff: 0.1, Sum: 0.4]
         [Termination Attempts: Min: 1, Avg: 1.0, Max: 1, Diff: 0, Sum: 4]
      [GC Worker Other (ms): Min: 0.0, Avg: 0.1, Max: 0.1, Diff: 0.1, Sum: 0.3]
      [GC Worker Total (ms): Min: 16.5, Avg: 16.7, Max: 16.9, Diff: 0.5, Sum: 66.8]
      [GC Worker End (ms): Min: 5234653.4, Avg: 5234653.4, Max: 5234653.4, Diff: 0.1]
   [Code Root Fixup: 0.5 ms]
   [Code Root Purge: 0.0 ms]
   [Clear CT: 0.3 ms]
   [Other: 5.4 ms]
      [Choose CSet: 0.0 ms]
      [Ref Proc: 0.4 ms]
      [Ref Enq: 0.0 ms]
      [Redirty Cards: 0.1 ms]
      [Humongous Register: 3.2 ms]
      [Humongous Reclaim: 0.0 ms]
      [Free CSet: 1.0 ms]
   [Eden: 367.0M(367.0M)->0.0B(255.0M) Survivors: 4096.0K->4096.0K Heap: 503.6M(1024.0M)->135.9M(1024.0M)]
 [Times: user=0.02 sys=0.02, real=0.03 secs] 
2017-04-29T13:14:40.141+0700: 5439.080: [GC pause (G1 Evacuation Pause) (young), 0.0131293 secs]
   [Parallel Time: 11.9 ms, GC Workers: 4]
      [GC Worker Start (ms): Min: 5439080.4, Avg: 5439080.5, Max: 5439080.6, Diff: 0.1]
      [Ext Root Scanning (ms): Min: 0.7, Avg: 1.1, Max: 1.9, Diff: 1.2, Sum: 4.4]
      [Update RS (ms): Min: 0.1, Avg: 1.6, Max: 3.5, Diff: 3.4, Sum: 6.2]
         [Processed Buffers: Min: 1, Avg: 3.8, Max: 11, Diff: 10, Sum: 15]
      [Scan RS (ms): Min: 0.0, Avg: 0.1, Max: 0.3, Diff: 0.3, Sum: 0.4]
      [Code Root Scanning (ms): Min: 0.0, Avg: 1.0, Max: 2.6, Diff: 2.6, Sum: 3.8]
      [Object Copy (ms): Min: 7.1, Avg: 8.0, Max: 9.5, Diff: 2.4, Sum: 32.1]
      [Termination (ms): Min: 0.0, Avg: 0.0, Max: 0.0, Diff: 0.0, Sum: 0.1]
         [Termination Attempts: Min: 1, Avg: 1.0, Max: 1, Diff: 0, Sum: 4]
      [GC Worker Other (ms): Min: 0.0, Avg: 0.0, Max: 0.0, Diff: 0.0, Sum: 0.1]
      [GC Worker Total (ms): Min: 11.7, Avg: 11.8, Max: 11.9, Diff: 0.1, Sum: 47.2]
      [GC Worker End (ms): Min: 5439092.3, Avg: 5439092.3, Max: 5439092.3, Diff: 0.0]
   [Code Root Fixup: 0.4 ms]
   [Code Root Purge: 0.0 ms]
   [Clear CT: 0.1 ms]
   [Other: 0.7 ms]
      [Choose CSet: 0.0 ms]
      [Ref Proc: 0.2 ms]
      [Ref Enq: 0.0 ms]
      [Redirty Cards: 0.1 ms]
      [Humongous Register: 0.0 ms]
      [Humongous Reclaim: 0.0 ms]
      [Free CSet: 0.2 ms]
   [Eden: 255.0M(255.0M)->0.0B(438.0M) Survivors: 4096.0K->4096.0K Heap: 390.9M(1024.0M)->136.1M(1024.0M)]
 [Times: user=0.04 sys=0.01, real=0.01 secs] 
2017-04-29T13:29:45.046+0700: 6343.946: [GC pause (G1 Evacuation Pause) (young), 0.0346863 secs]
   [Parallel Time: 29.7 ms, GC Workers: 4]
      [GC Worker Start (ms): Min: 6343949.2, Avg: 6343949.4, Max: 6343949.7, Diff: 0.5]
      [Ext Root Scanning (ms): Min: 4.6, Avg: 6.4, Max: 10.6, Diff: 6.0, Sum: 25.5]
      [Update RS (ms): Min: 0.0, Avg: 2.4, Max: 3.7, Diff: 3.7, Sum: 9.7]
         [Processed Buffers: Min: 0, Avg: 4.2, Max: 15, Diff: 15, Sum: 17]
      [Scan RS (ms): Min: 0.0, Avg: 0.1, Max: 0.2, Diff: 0.2, Sum: 0.5]
      [Code Root Scanning (ms): Min: 0.0, Avg: 2.3, Max: 4.8, Diff: 4.8, Sum: 9.1]
      [Object Copy (ms): Min: 16.4, Avg: 17.9, Max: 20.3, Diff: 3.9, Sum: 71.8]
      [Termination (ms): Min: 0.0, Avg: 0.1, Max: 0.1, Diff: 0.1, Sum: 0.3]
         [Termination Attempts: Min: 1, Avg: 1.0, Max: 1, Diff: 0, Sum: 4]
      [GC Worker Other (ms): Min: 0.1, Avg: 0.1, Max: 0.2, Diff: 0.2, Sum: 0.5]
      [GC Worker Total (ms): Min: 29.1, Avg: 29.3, Max: 29.6, Diff: 0.5, Sum: 117.3]
      [GC Worker End (ms): Min: 6343978.7, Avg: 6343978.8, Max: 6343978.8, Diff: 0.0]
   [Code Root Fixup: 0.4 ms]
   [Code Root Purge: 0.0 ms]
   [Clear CT: 0.4 ms]
   [Other: 4.1 ms]
      [Choose CSet: 0.0 ms]
      [Ref Proc: 0.3 ms]
      [Ref Enq: 0.0 ms]
      [Redirty Cards: 0.1 ms]
      [Humongous Register: 2.2 ms]
      [Humongous Reclaim: 0.0 ms]
      [Free CSet: 0.7 ms]
   [Eden: 438.0M(438.0M)->0.0B(46.0M) Survivors: 4096.0K->5120.0K Heap: 574.1M(1024.0M)->137.1M(1024.0M)]
 [Times: user=0.04 sys=0.07, real=0.04 secs] 
2017-04-29T13:44:40.110+0700: 7238.967: [GC pause (G1 Evacuation Pause) (young), 0.0208704 secs]
   [Parallel Time: 18.0 ms, GC Workers: 4]
      [GC Worker Start (ms): Min: 7238968.8, Avg: 7238968.9, Max: 7238968.9, Diff: 0.1]
      [Ext Root Scanning (ms): Min: 0.9, Avg: 1.2, Max: 2.0, Diff: 1.1, Sum: 5.0]
      [Update RS (ms): Min: 0.4, Avg: 1.2, Max: 1.7, Diff: 1.3, Sum: 4.9]
         [Processed Buffers: Min: 1, Avg: 3.5, Max: 11, Diff: 10, Sum: 14]
      [Scan RS (ms): Min: 0.0, Avg: 0.0, Max: 0.0, Diff: 0.0, Sum: 0.1]
      [Code Root Scanning (ms): Min: 0.0, Avg: 1.0, Max: 2.3, Diff: 2.3, Sum: 4.1]
      [Object Copy (ms): Min: 13.0, Avg: 14.2, Max: 15.3, Diff: 2.2, Sum: 56.6]
      [Termination (ms): Min: 0.0, Avg: 0.1, Max: 0.1, Diff: 0.1, Sum: 0.4]
         [Termination Attempts: Min: 1, Avg: 1.0, Max: 1, Diff: 0, Sum: 4]
      [GC Worker Other (ms): Min: 0.0, Avg: 0.0, Max: 0.0, Diff: 0.0, Sum: 0.1]
      [GC Worker Total (ms): Min: 17.7, Avg: 17.8, Max: 17.8, Diff: 0.1, Sum: 71.1]
      [GC Worker End (ms): Min: 7238986.6, Avg: 7238986.7, Max: 7238986.7, Diff: 0.0]
   [Code Root Fixup: 0.3 ms]
   [Code Root Purge: 0.0 ms]
   [Clear CT: 0.1 ms]
   [Other: 2.5 ms]
      [Choose CSet: 0.0 ms]
      [Ref Proc: 0.5 ms]
      [Ref Enq: 0.0 ms]
      [Redirty Cards: 0.1 ms]
      [Humongous Register: 1.4 ms]
      [Humongous Reclaim: 0.0 ms]
      [Free CSet: 0.2 ms]
   [Eden: 46.0M(46.0M)->0.0B(49.0M) Survivors: 5120.0K->5120.0K Heap: 183.1M(1024.0M)->137.1M(1024.0M)]
 [Times: user=0.03 sys=0.03, real=0.02 secs] 
2017-04-29T14:01:05.270+0700: 8224.080: [GC pause (G1 Evacuation Pause) (young), 0.0228065 secs]
   [Parallel Time: 21.5 ms, GC Workers: 4]
      [GC Worker Start (ms): Min: 8224079.8, Avg: 8224079.8, Max: 8224079.8, Diff: 0.1]
      [Ext Root Scanning (ms): Min: 0.8, Avg: 1.0, Max: 1.3, Diff: 0.5, Sum: 3.9]
      [Update RS (ms): Min: 0.1, Avg: 0.7, Max: 1.4, Diff: 1.3, Sum: 2.9]
         [Processed Buffers: Min: 1, Avg: 4.0, Max: 12, Diff: 11, Sum: 16]
      [Scan RS (ms): Min: 0.0, Avg: 0.0, Max: 0.0, Diff: 0.0, Sum: 0.1]
      [Code Root Scanning (ms): Min: 0.0, Avg: 1.0, Max: 2.1, Diff: 2.1, Sum: 4.1]
      [Object Copy (ms): Min: 17.6, Avg: 18.5, Max: 19.5, Diff: 1.9, Sum: 74.1]
      [Termination (ms): Min: 0.0, Avg: 0.1, Max: 0.1, Diff: 0.1, Sum: 0.3]
         [Termination Attempts: Min: 2, Avg: 2.2, Max: 3, Diff: 1, Sum: 9]
      [GC Worker Other (ms): Min: 0.0, Avg: 0.1, Max: 0.1, Diff: 0.1, Sum: 0.3]
      [GC Worker Total (ms): Min: 21.4, Avg: 21.4, Max: 21.5, Diff: 0.1, Sum: 85.6]
      [GC Worker End (ms): Min: 8224101.2, Avg: 8224101.2, Max: 8224101.2, Diff: 0.0]
   [Code Root Fixup: 0.3 ms]
   [Code Root Purge: 0.0 ms]
   [Clear CT: 0.1 ms]
   [Other: 0.9 ms]
      [Choose CSet: 0.0 ms]
      [Ref Proc: 0.3 ms]
      [Ref Enq: 0.0 ms]
      [Redirty Cards: 0.1 ms]
      [Humongous Register: 0.1 ms]
      [Humongous Reclaim: 0.0 ms]
      [Free CSet: 0.1 ms]
   [Eden: 49.0M(49.0M)->0.0B(67.0M) Survivors: 5120.0K->5120.0K Heap: 186.1M(1024.0M)->137.2M(1024.0M)]
 [Times: user=0.03 sys=0.04, real=0.02 secs] 
2017-04-29T14:23:34.218+0700: 9572.967: [GC pause (G1 Evacuation Pause) (young), 0.0222960 secs]
   [Parallel Time: 17.4 ms, GC Workers: 4]
      [GC Worker Start (ms): Min: 9572970.7, Avg: 9572970.9, Max: 9572971.1, Diff: 0.3]
      [Ext Root Scanning (ms): Min: 4.1, Avg: 5.5, Max: 9.3, Diff: 5.3, Sum: 22.1]
      [Update RS (ms): Min: 0.0, Avg: 2.3, Max: 3.2, Diff: 3.2, Sum: 9.2]
         [Processed Buffers: Min: 0, Avg: 4.5, Max: 9, Diff: 9, Sum: 18]
      [Scan RS (ms): Min: 0.0, Avg: 0.0, Max: 0.0, Diff: 0.0, Sum: 0.1]
      [Code Root Scanning (ms): Min: 0.0, Avg: 0.9, Max: 1.9, Diff: 1.9, Sum: 3.6]
      [Object Copy (ms): Min: 7.9, Avg: 8.3, Max: 9.5, Diff: 1.6, Sum: 33.3]
      [Termination (ms): Min: 0.0, Avg: 0.0, Max: 0.0, Diff: 0.0, Sum: 0.0]
         [Termination Attempts: Min: 1, Avg: 1.0, Max: 1, Diff: 0, Sum: 4]
      [GC Worker Other (ms): Min: 0.0, Avg: 0.1, Max: 0.1, Diff: 0.1, Sum: 0.3]
      [GC Worker Total (ms): Min: 17.0, Avg: 17.1, Max: 17.3, Diff: 0.3, Sum: 68.6]
      [GC Worker End (ms): Min: 9572988.0, Avg: 9572988.0, Max: 9572988.1, Diff: 0.0]
   [Code Root Fixup: 0.3 ms]
   [Code Root Purge: 0.0 ms]
   [Clear CT: 0.1 ms]
   [Other: 4.5 ms]
      [Choose CSet: 0.0 ms]
      [Ref Proc: 0.6 ms]
      [Ref Enq: 0.0 ms]
      [Redirty Cards: 0.1 ms]
      [Humongous Register: 3.2 ms]
      [Humongous Reclaim: 0.0 ms]
      [Free CSet: 0.2 ms]
   [Eden: 67.0M(67.0M)->0.0B(46.0M) Survivors: 5120.0K->5120.0K Heap: 204.2M(1024.0M)->137.9M(1024.0M)]
 [Times: user=0.03 sys=0.03, real=0.03 secs] 
2017-04-29T14:39:01.672+0700: 10500.381: [GC pause (G1 Evacuation Pause) (young), 0.0119603 secs]
   [Parallel Time: 10.8 ms, GC Workers: 4]
      [GC Worker Start (ms): Min: 10500381.4, Avg: 10500381.5, Max: 10500381.5, Diff: 0.1]
      [Ext Root Scanning (ms): Min: 1.1, Avg: 1.2, Max: 1.4, Diff: 0.3, Sum: 4.9]
      [Update RS (ms): Min: 1.4, Avg: 1.6, Max: 1.9, Diff: 0.5, Sum: 6.4]
         [Processed Buffers: Min: 1, Avg: 5.0, Max: 15, Diff: 14, Sum: 20]
      [Scan RS (ms): Min: 0.0, Avg: 0.0, Max: 0.0, Diff: 0.0, Sum: 0.1]
      [Code Root Scanning (ms): Min: 0.0, Avg: 0.9, Max: 1.9, Diff: 1.9, Sum: 3.7]
      [Object Copy (ms): Min: 6.1, Avg: 6.8, Max: 7.7, Diff: 1.6, Sum: 27.2]
      [Termination (ms): Min: 0.0, Avg: 0.0, Max: 0.0, Diff: 0.0, Sum: 0.0]
         [Termination Attempts: Min: 1, Avg: 1.0, Max: 1, Diff: 0, Sum: 4]
      [GC Worker Other (ms): Min: 0.0, Avg: 0.1, Max: 0.1, Diff: 0.1, Sum: 0.4]
      [GC Worker Total (ms): Min: 10.7, Avg: 10.7, Max: 10.7, Diff: 0.1, Sum: 42.8]
      [GC Worker End (ms): Min: 10500392.1, Avg: 10500392.2, Max: 10500392.2, Diff: 0.0]
   [Code Root Fixup: 0.2 ms]
   [Code Root Purge: 0.0 ms]
   [Clear CT: 0.1 ms]
   [Other: 0.8 ms]
      [Choose CSet: 0.0 ms]
      [Ref Proc: 0.2 ms]
      [Ref Enq: 0.0 ms]
      [Redirty Cards: 0.1 ms]
      [Humongous Register: 0.1 ms]
      [Humongous Reclaim: 0.0 ms]
      [Free CSet: 0.1 ms]
   [Eden: 46.0M(46.0M)->0.0B(172.0M) Survivors: 5120.0K->5120.0K Heap: 183.9M(1024.0M)->138.2M(1024.0M)]
 [Times: user=0.03 sys=0.00, real=0.01 secs] 
ause) (young), 0.0246911 secs]
   [Parallel Time: 15.1 ms, GC Workers: 4]
      [GC Worker Start (ms): Min: 4897124.3, Avg: 4897125.1, Max: 4897126.8, Diff: 2.5]
      [Ext Root Scanning (ms): Min: 3.1, Avg: 7.2, Max: 14.7, Diff: 11.6, Sum: 28.9]
      [Update RS (ms): Min: 0.0, Avg: 1.8, Max: 3.8, Diff: 3.8, Sum: 7.1]
         [Processed Buffers: Min: 0, Avg: 8.2, Max: 21, Diff: 21, Sum: 33]
      [Scan RS (ms): Min: 0.1, Avg: 0.1, Max: 0.3, Diff: 0.3, Sum: 0.6]
      [Code Root Scanning (ms): Min: 0.0, Avg: 0.3, Max: 0.8, Diff: 0.8, Sum: 1.1]
      [Object Copy (ms): Min: 0.1, Avg: 4.7, Max: 7.0, Diff: 6.9, Sum: 18.8]
      [Termination (ms): Min: 0.0, Avg: 0.0, Max: 0.0, Diff: 0.0, Sum: 0.0]
         [Termination Attempts: Min: 1, Avg: 1.0, Max: 1, Diff: 0, Sum: 4]
      [GC Worker Other (ms): Min: 0.0, Avg: 0.1, Max: 0.1, Diff: 0.1, Sum: 0.4]
      [GC Worker Total (ms): Min: 12.6, Avg: 14.2, Max: 15.0, Diff: 2.5, Sum: 56.9]
      [GC Worker End (ms): Min: 4897139.3, Avg: 4897139.3, Max: 4897139.3, Diff: 0.1]
   [Code Root Fixup: 0.1 ms]
   [Code Root Purge: 0.0 ms]
   [Clear CT: 0.2 ms]
   [Other: 9.3 ms]
      [Choose CSet: 0.0 ms]
      [Ref Proc: 0.3 ms]
      [Ref Enq: 0.0 ms]
      [Redirty Cards: 0.1 ms]
      [Humongous Register: 7.1 ms]
      [Humongous Reclaim: 0.0 ms]
      [Free CSet: 0.9 ms]
   [Eden: 562.0M(562.0M)->0.0B(261.0M) Survivors: 3072.0K->3072.0K Heap: 698.0M(1024.0M)->135.7M(1024.0M)]
 [Times: user=0.02 sys=0.02, real=0.03 secs] 
2017-04-29T13:09:46.827+0700: 5111.819: [GC pause (G1 Evacuation Pause) (young), 0.0075250 secs]
   [Parallel Time: 6.7 ms, GC Workers: 4]
      [GC Worker Start (ms): Min: 5111819.1, Avg: 5111819.1, Max: 5111819.2, Diff: 0.2]
      [Ext Root Scanning (ms): Min: 0.7, Avg: 1.3, Max: 2.9, Diff: 2.3, Sum: 5.3]
      [Update RS (ms): Min: 0.0, Avg: 0.4, Max: 0.6, Diff: 0.6, Sum: 1.5]
         [Processed Buffers: Min: 0, Avg: 6.8, Max: 20, Diff: 20, Sum: 27]
      [Scan RS (ms): Min: 0.0, Avg: 0.1, Max: 0.2, Diff: 0.2, Sum: 0.3]
      [Code Root Scanning (ms): Min: 0.0, Avg: 0.0, Max: 0.2, Diff: 0.2, Sum: 0.2]
      [Object Copy (ms): Min: 3.6, Avg: 4.7, Max: 5.1, Diff: 1.5, Sum: 18.7]
      [Termination (ms): Min: 0.0, Avg: 0.0, Max: 0.0, Diff: 0.0, Sum: 0.0]
         [Termination Attempts: Min: 1, Avg: 1.0, Max: 1, Diff: 0, Sum: 4]
      [GC Worker Other (ms): Min: 0.0, Avg: 0.0, Max: 0.1, Diff: 0.0, Sum: 0.2]
      [GC Worker Total (ms): Min: 6.4, Avg: 6.5, Max: 6.6, Diff: 0.2, Sum: 26.2]
      [GC Worker End (ms): Min: 5111825.7, Avg: 5111825.7, Max: 5111825.7, Diff: 0.0]
   [Code Root Fixup: 0.1 ms]
   [Code Root Purge: 0.0 ms]
   [Clear CT: 0.1 ms]
   [Other: 0.7 ms]
      [Choose CSet: 0.0 ms]
      [Ref Proc: 0.1 ms]
      [Ref Enq: 0.0 ms]
      [Redirty Cards: 0.1 ms]
      [Humongous Register: 0.0 ms]
      [Humongous Reclaim: 0.0 ms]
      [Free CSet: 0.2 ms]
   [Eden: 261.0M(261.0M)->0.0B(611.0M) Survivors: 3072.0K->3072.0K Heap: 396.7M(1024.0M)->136.1M(1024.0M)]
 [Times: user=0.02 sys=0.01, real=0.01 secs] 
2017-04-29T13:27:43.645+0700: 6188.592: [GC pause (G1 Evacuation Pause) (young), 0.0159207 secs]
   [Parallel Time: 11.7 ms, GC Workers: 4]
      [GC Worker Start (ms): Min: 6188594.3, Avg: 6188594.5, Max: 6188594.6, Diff: 0.3]
      [Ext Root Scanning (ms): Min: 4.3, Avg: 5.7, Max: 9.2, Diff: 4.9, Sum: 22.7]
      [Update RS (ms): Min: 0.0, Avg: 1.0, Max: 1.3, Diff: 1.3, Sum: 3.8]
         [Processed Buffers: Min: 0, Avg: 8.5, Max: 24, Diff: 24, Sum: 34]
      [Scan RS (ms): Min: 0.1, Avg: 0.2, Max: 0.3, Diff: 0.2, Sum: 0.6]
      [Code Root Scanning (ms): Min: 0.0, Avg: 0.2, Max: 0.5, Diff: 0.5, Sum: 0.8]
      [Object Copy (ms): Min: 2.1, Avg: 4.2, Max: 5.2, Diff: 3.0, Sum: 17.0]
      [Termination (ms): Min: 0.0, Avg: 0.0, Max: 0.0, Diff: 0.0, Sum: 0.0]
         [Termination Attempts: Min: 1, Avg: 1.5, Max: 2, Diff: 1, Sum: 6]
      [GC Worker Other (ms): Min: 0.1, Avg: 0.2, Max: 0.3, Diff: 0.2, Sum: 0.7]
      [GC Worker Total (ms): Min: 11.3, Avg: 11.4, Max: 11.5, Diff: 0.3, Sum: 45.6]
      [GC Worker End (ms): Min: 6188605.9, Avg: 6188605.9, Max: 6188605.9, Diff: 0.0]
   [Code Root Fixup: 0.1 ms]
   [Code Root Purge: 0.0 ms]
   [Clear CT: 0.3 ms]
   [Other: 3.9 ms]
      [Choose CSet: 0.0 ms]
      [Ref Proc: 0.3 ms]
      [Ref Enq: 0.0 ms]
      [Redirty Cards: 0.1 ms]
      [Humongous Register: 1.4 ms]
      [Humongous Reclaim: 0.0 ms]
      [Free CSet: 1.1 ms]
   [Eden: 611.0M(611.0M)->0.0B(611.0M) Survivors: 3072.0K->3072.0K Heap: 747.1M(1024.0M)->135.7M(1024.0M)]
 [Times: user=0.02 sys=0.02, real=0.02 secs] 
