Java HotSpot(TM) 64-Bit Server VM (25.121-b13) for bsd-amd64 JRE (1.8.0_121-b13), built on Dec 12 2016 20:39:32 by "java_re" with gcc 4.2.1 (Based on Apple Inc. build 5658) (LLVM build 2336.11.00)
Memory: 4k page, physical 8388608k(3625412k free)

/proc/meminfo:

CommandLine flags: -XX:+DisableExplicitGC -XX:InitialHeapSize=536870912 -XX:InitiatingHeapOccupancyPercent=35 -XX:+ManagementServer -XX:MaxGCPauseMillis=20 -XX:MaxHeapSize=536870912 -XX:+PrintGC -XX:+PrintGCDateStamps -XX:+PrintGCDetails -XX:+PrintGCTimeStamps -XX:+UseCompressedClassPointers -XX:+UseCompressedOops -XX:+UseG1GC 
2017-04-21T14:04:43.972+0700: 1390.398: [GC pause (G1 Evacuation Pause) (young), 0.0103480 secs]
   [Parallel Time: 8.0 ms, GC Workers: 4]
      [GC Worker Start (ms): Min: 1390398.2, Avg: 1390398.2, Max: 1390398.3, Diff: 0.1]
      [Ext Root Scanning (ms): Min: 1.0, Avg: 1.4, Max: 2.3, Diff: 1.3, Sum: 5.6]
      [Update RS (ms): Min: 0.0, Avg: 0.0, Max: 0.0, Diff: 0.0, Sum: 0.0]
         [Processed Buffers: Min: 0, Avg: 0.0, Max: 0, Diff: 0, Sum: 0]
      [Scan RS (ms): Min: 0.0, Avg: 0.0, Max: 0.0, Diff: 0.0, Sum: 0.0]
      [Code Root Scanning (ms): Min: 0.0, Avg: 0.6, Max: 1.1, Diff: 1.1, Sum: 2.3]
      [Object Copy (ms): Min: 5.4, Avg: 5.9, Max: 6.3, Diff: 1.0, Sum: 23.5]
      [Termination (ms): Min: 0.0, Avg: 0.0, Max: 0.0, Diff: 0.0, Sum: 0.0]
         [Termination Attempts: Min: 1, Avg: 2.0, Max: 3, Diff: 2, Sum: 8]
      [GC Worker Other (ms): Min: 0.0, Avg: 0.0, Max: 0.0, Diff: 0.0, Sum: 0.1]
      [GC Worker Total (ms): Min: 7.9, Avg: 7.9, Max: 7.9, Diff: 0.1, Sum: 31.6]
      [GC Worker End (ms): Min: 1390406.1, Avg: 1390406.1, Max: 1390406.1, Diff: 0.0]
   [Code Root Fixup: 0.4 ms]
   [Code Root Purge: 0.0 ms]
   [Clear CT: 0.1 ms]
   [Other: 1.8 ms]
      [Choose CSet: 0.0 ms]
      [Ref Proc: 1.5 ms]
      [Ref Enq: 0.0 ms]
      [Redirty Cards: 0.1 ms]
      [Humongous Register: 0.0 ms]
      [Humongous Reclaim: 0.0 ms]
      [Free CSet: 0.1 ms]
   [Eden: 25.0M(25.0M)->0.0B(21.0M) Survivors: 0.0B->4096.0K Heap: 25.0M(512.0M)->3368.0K(512.0M)]
 [Times: user=0.04 sys=0.01, real=0.01 secs] 
2017-04-21T15:41:32.781+0700: 7172.520: [GC pause (G1 Evacuation Pause) (young), 0.0276175 secs]
   [Parallel Time: 24.0 ms, GC Workers: 4]
      [GC Worker Start (ms): Min: 7172521.5, Avg: 7172521.8, Max: 7172522.3, Diff: 0.8]
      [Ext Root Scanning (ms): Min: 1.6, Avg: 3.5, Max: 7.5, Diff: 5.9, Sum: 13.8]
      [Update RS (ms): Min: 0.0, Avg: 0.0, Max: 0.0, Diff: 0.0, Sum: 0.0]
         [Processed Buffers: Min: 0, Avg: 0.0, Max: 0, Diff: 0, Sum: 0]
      [Scan RS (ms): Min: 0.0, Avg: 0.0, Max: 0.0, Diff: 0.0, Sum: 0.1]
      [Code Root Scanning (ms): Min: 0.0, Avg: 2.0, Max: 7.9, Diff: 7.9, Sum: 7.9]
      [Object Copy (ms): Min: 13.4, Avg: 18.0, Max: 21.2, Diff: 7.9, Sum: 72.0]
      [Termination (ms): Min: 0.0, Avg: 0.1, Max: 0.1, Diff: 0.1, Sum: 0.3]
         [Termination Attempts: Min: 1, Avg: 1.0, Max: 1, Diff: 0, Sum: 4]
      [GC Worker Other (ms): Min: 0.0, Avg: 0.1, Max: 0.1, Diff: 0.1, Sum: 0.2]
      [GC Worker Total (ms): Min: 23.0, Avg: 23.6, Max: 23.8, Diff: 0.8, Sum: 94.4]
      [GC Worker End (ms): Min: 7172545.4, Avg: 7172545.4, Max: 7172545.4, Diff: 0.0]
   [Code Root Fixup: 0.4 ms]
   [Code Root Purge: 0.0 ms]
   [Clear CT: 0.2 ms]
   [Other: 3.0 ms]
      [Choose CSet: 0.0 ms]
      [Ref Proc: 0.6 ms]
      [Ref Enq: 0.0 ms]
      [Redirty Cards: 0.1 ms]
      [Humongous Register: 1.2 ms]
      [Humongous Reclaim: 0.0 ms]
      [Free CSet: 0.7 ms]
   [Eden: 21.0M(21.0M)->0.0B(22.0M) Survivors: 4096.0K->3072.0K Heap: 24.3M(512.0M)->4632.5K(512.0M)]
 [Times: user=0.02 sys=0.04, real=0.03 secs] 
2017-04-21T22:33:16.411+0700: 11136.512: [GC pause (G1 Evacuation Pause) (young), 0.0217002 secs]
   [Parallel Time: 19.3 ms, GC Workers: 4]
      [GC Worker Start (ms): Min: 11136513.9, Avg: 11136514.3, Max: 11136515.3, Diff: 1.5]
      [Ext Root Scanning (ms): Min: 1.4, Avg: 2.5, Max: 3.3, Diff: 1.9, Sum: 10.0]
      [Update RS (ms): Min: 1.4, Avg: 3.2, Max: 4.9, Diff: 3.5, Sum: 12.8]
         [Processed Buffers: Min: 1, Avg: 3.0, Max: 9, Diff: 8, Sum: 12]
      [Scan RS (ms): Min: 0.0, Avg: 0.2, Max: 0.6, Diff: 0.6, Sum: 0.6]
      [Code Root Scanning (ms): Min: 0.0, Avg: 0.4, Max: 1.4, Diff: 1.4, Sum: 1.5]
      [Object Copy (ms): Min: 11.2, Avg: 12.2, Max: 12.9, Diff: 1.7, Sum: 48.7]
      [Termination (ms): Min: 0.1, Avg: 0.2, Max: 0.3, Diff: 0.2, Sum: 0.9]
         [Termination Attempts: Min: 10, Avg: 13.5, Max: 15, Diff: 5, Sum: 54]
      [GC Worker Other (ms): Min: 0.0, Avg: 0.1, Max: 0.1, Diff: 0.0, Sum: 0.2]
      [GC Worker Total (ms): Min: 17.6, Avg: 18.7, Max: 19.1, Diff: 1.5, Sum: 74.8]
      [GC Worker End (ms): Min: 11136533.0, Avg: 11136533.0, Max: 11136533.0, Diff: 0.0]
   [Code Root Fixup: 0.1 ms]
   [Code Root Purge: 0.0 ms]
   [Clear CT: 0.1 ms]
   [Other: 2.2 ms]
      [Choose CSet: 0.0 ms]
      [Ref Proc: 0.2 ms]
      [Ref Enq: 0.0 ms]
      [Redirty Cards: 0.1 ms]
      [Humongous Register: 1.4 ms]
      [Humongous Reclaim: 0.0 ms]
      [Free CSet: 0.1 ms]
   [Eden: 22.0M(22.0M)->0.0B(24.0M) Survivors: 3072.0K->1024.0K Heap: 26.5M(512.0M)->3010.0K(512.0M)]
 [Times: user=0.01 sys=0.05, real=0.02 secs] 
Heap
 garbage-first heap   total 524288K, used 3010K [0x00000007a0000000, 0x00000007a0101000, 0x00000007c0000000)
  region size 1024K, 2 young (2048K), 1 survivors (1024K)
 Metaspace       used 10620K, capacity 10752K, committed 10880K, reserved 1058816K
  class space    used 1213K, capacity 1282K, committed 1408K, reserved 1048576K
